[INFO] Scanning for projects...
[INFO] 
[INFO] --------------------------< devPilot:backend >--------------------------
[INFO] Building  0.0.1-SNAPSHOT
[INFO]   from pom.xml
[INFO] --------------------------------[ jar ]---------------------------------
[INFO] 
[INFO] >>> spring-boot:4.1.1:run (default-cli) > test-compile @ backend >>>
[INFO] 
[INFO] --- resources:3.5.0:resources (default-resources) @ backend ---
[INFO] Copying 1 resource from src\main\resources to target\classes
[INFO] Copying 0 resource from src\main\resources to target\classes
[INFO] 
[INFO] --- compiler:3.15.0:compile (default-compile) @ backend ---
[INFO] Nothing to compile - all classes are up to date.
[INFO] 
[INFO] --- resources:3.5.0:testResources (default-testResources) @ backend ---
[INFO] skip non existing resourceDirectory C:\Users\Arin\IdeaProjects\DEVPILOT\backend\src\test\resources
[INFO] 
[INFO] --- compiler:3.15.0:testCompile (default-testCompile) @ backend ---
[INFO] Nothing to compile - all classes are up to date.
[INFO] 
[INFO] <<< spring-boot:4.1.1:run (default-cli) < test-compile @ backend <<<
[INFO] 
[INFO] 
[INFO] --- spring-boot:4.1.1:run (default-cli) @ backend ---
[INFO] Attaching agents: []

  .   ____          _            __ _ _
 /\\ / ___'_ __ _ _(_)_ __  __ _ \ \ \ \
( ( )\___ | '_ | '_| | '_ \/ _` | \ \ \ \
 \\/  ___)| |_)| | | | | || (_| |  ) ) ) )
  '  |____| .__|_| |_|_| |_\__, | / / / /
 =========|_|==============|___/=/_/_/_/

 :: Spring Boot ::                (v4.1.1)

2026-10-02T19:56:35.730+05:30  INFO 3184 --- [backend] [           main] devPilot.backend.BackendApplication      : Starting BackendApplication using Java 17.0.1 with PID 3184 (C:\Users\Arin\IdeaProjects\DEVPILOT\backend\target\classes started by Arin in C:\Users\Arin\IdeaProjects\DEVPILOT\backend)
2026-10-02T19:56:35.736+05:30  INFO 3184 --- [backend] [           main] devPilot.backend.BackendApplication      : No active profile set, falling back to 1 default profile: "default"
2026-10-02T19:56:36.747+05:30  INFO 3184 --- [backend] [           main] .s.d.r.c.RepositoryConfigurationDelegate : Bootstrapping Spring Data JPA repositories in DEFAULT mode.
2026-10-02T19:56:36.774+05:30  INFO 3184 --- [backend] [           main] .s.d.r.c.RepositoryConfigurationDelegate : Finished Spring Data repository scanning in 15 ms. Found 0 JPA repository interfaces.
2026-10-02T19:56:37.750+05:30  INFO 3184 --- [backend] [           main] o.s.boot.tomcat.TomcatWebServer          : Tomcat initialized with port 8080 (http)
2026-10-02T19:56:37.766+05:30  INFO 3184 --- [backend] [           main] o.apache.catalina.core.StandardService   : Starting service [Tomcat]
2026-10-02T19:56:37.766+05:30  INFO 3184 --- [backend] [           main] o.apache.catalina.core.StandardEngine    : Starting Servlet engine: [Apache Tomcat/11.0.24]
2026-10-02T19:56:37.864+05:30  INFO 3184 --- [backend] [           main] b.w.c.s.WebApplicationContextInitializer : Root WebApplicationContext: initialization completed in 2057 ms
2026-10-02T19:56:38.262+05:30  INFO 3184 --- [backend] [           main] com.zaxxer.hikari.HikariDataSource       : HikariPool-1 - Starting...
2026-10-02T19:56:38.477+05:30  INFO 3184 --- [backend] [           main] com.zaxxer.hikari.pool.HikariPool        : HikariPool-1 - Added connection org.postgresql.jdbc.PgConnection@d9f5fce
2026-10-02T19:56:38.479+05:30  INFO 3184 --- [backend] [           main] com.zaxxer.hikari.HikariDataSource       : HikariPool-1 - Start completed.
2026-10-02T19:56:38.510+05:30  INFO 3184 --- [backend] [           main] org.flywaydb.core.FlywayExecutor         : Database: jdbc:postgresql://localhost:5432/devpilot (PostgreSQL 16.15)
2026-10-02T19:56:38.611+05:30  INFO 3184 --- [backend] [           main] o.f.c.i.s.JdbcTableSchemaHistory         : Schema history table "public"."flyway_schema_history" does not exist yet
2026-10-02T19:56:38.616+05:30  INFO 3184 --- [backend] [           main] o.f.core.internal.command.DbValidate     : Successfully validated 0 migrations (execution time 00:00.022s)
2026-10-02T19:56:38.617+05:30  WARN 3184 --- [backend] [           main] o.f.core.internal.command.DbValidate     : No migrations found. Are your locations set up correctly?
2026-10-02T19:56:38.652+05:30  INFO 3184 --- [backend] [           main] o.f.c.i.s.JdbcTableSchemaHistory         : Creating Schema History table "public"."flyway_schema_history" ...
2026-10-02T19:56:38.785+05:30  INFO 3184 --- [backend] [           main] o.f.core.internal.command.DbMigrate      : Current version of schema "public": << Empty Schema >>
2026-10-02T19:56:38.790+05:30  INFO 3184 --- [backend] [           main] o.f.core.internal.command.DbMigrate      : Schema "public" is up to date. No migration necessary.
2026-10-02T19:56:38.917+05:30  INFO 3184 --- [backend] [           main] org.hibernate.orm.jpa                    : HHH008540: Processing PersistenceUnitInfo [name: default]
2026-10-02T19:56:39.003+05:30  INFO 3184 --- [backend] [           main] org.hibernate.orm.core                   : HHH000001: Hibernate ORM core version 7.4.5.Final
2026-10-02T19:56:39.662+05:30  INFO 3184 --- [backend] [           main] o.s.o.j.p.SpringPersistenceUnitInfo      : No LoadTimeWeaver setup: ignoring JPA class transformer
2026-10-02T19:56:39.783+05:30  INFO 3184 --- [backend] [           main] org.hibernate.orm.connections.pooling    : HHH10001005: Database info:
	Database JDBC URL [jdbc:postgresql://localhost:5432/devpilot]
	Database driver: PostgreSQL JDBC Driver
	Database dialect: PostgreSQLDialect
	Database version: 16.15
	Default catalog/schema: devpilot/public
	Autocommit mode: undefined/unknown
	Isolation level: READ_COMMITTED [default READ_COMMITTED]
	JDBC fetch size: none
	Pool: DataSourceConnectionProvider
	Minimum pool size: undefined/unknown
	Maximum pool size: undefined/unknown
2026-10-02T19:56:40.632+05:30  INFO 3184 --- [backend] [           main] org.hibernate.orm.core                   : HHH000489: No JTA platform available (set 'hibernate.transaction.jta.platform' to enable JTA platform integration)
2026-10-02T19:56:40.643+05:30  INFO 3184 --- [backend] [           main] j.LocalContainerEntityManagerFactoryBean : Initialized JPA EntityManagerFactory for persistence unit 'default'
2026-10-02T19:56:40.699+05:30  WARN 3184 --- [backend] [           main] JpaBaseConfiguration$JpaWebConfiguration : spring.jpa.open-in-view is enabled by default. Therefore, database queries may be performed during view rendering. Explicitly configure spring.jpa.open-in-view to disable this warning
2026-10-02T19:56:41.989+05:30  INFO 3184 --- [backend] [           main] o.s.boot.tomcat.TomcatWebServer          : Tomcat started on port 8080 (http) with context path '/'
2026-10-02T19:56:41.998+05:30  INFO 3184 --- [backend] [           main] devPilot.backend.BackendApplication      : Started BackendApplication in 6.963 seconds (process running for 7.661)
2026-10-03T10:10:29.151+05:30  WARN 3184 --- [backend] [l-1:housekeeper] com.zaxxer.hikari.pool.HikariPool        : HikariPool-1 - Thread starvation or clock leap detected (housekeeper delta=12h3m18s497ms481µs500ns).
2026-10-03T10:11:52.566+05:30  WARN 3184 --- [backend] [l-1:housekeeper] com.zaxxer.hikari.pool.HikariPool        : HikariPool-1 - Thread starvation or clock leap detected (housekeeper delta=46s703ms849µs200ns).
